2023-12-19 23:12:644 INFO  StartPage :24 - Click on start now: [[ChromeDriver: chrome on windows (4ac6a5ef711d9d7b8f94fbb9edb96eb4)] -> xpath: //a[normalize-space()='Start now']]
2023-12-19 23:12:17 INFO  StartPage :24 - Click on start now: [[ChromeDriver: chrome on windows (09cab9aac562db8d81e89a3c4e279be9)] -> xpath: //a[normalize-space()='Start now']]
2023-12-19 23:12:434 INFO  SelectNationalityPage :28 - Select country: [[ChromeDriver: chrome on windows (09cab9aac562db8d81e89a3c4e279be9)] -> id: response]
2023-12-19 23:12:605 INFO  SelectNationalityPage :34 - Click on continue: [[ChromeDriver: chrome on windows (09cab9aac562db8d81e89a3c4e279be9)] -> xpath: //button[normalize-space()='Continue']]
2023-12-19 23:12:46 INFO  ReasonForTravelPage :29 - Select a reason for visit: [[[ChromeDriver: chrome on windows (09cab9aac562db8d81e89a3c4e279be9)] -> xpath: //div[@class='govuk-radios']//div//label], [[ChromeDriver: chrome on windows (09cab9aac562db8d81e89a3c4e279be9)] -> xpath: //div[@class='govuk-radios']//div//label], [[ChromeDriver: chrome on windows (09cab9aac562db8d81e89a3c4e279be9)] -> xpath: //div[@class='govuk-radios']//div//label], [[ChromeDriver: chrome on windows (09cab9aac562db8d81e89a3c4e279be9)] -> xpath: //div[@class='govuk-radios']//div//label], [[ChromeDriver: chrome on windows (09cab9aac562db8d81e89a3c4e279be9)] -> xpath: //div[@class='govuk-radios']//div//label], [[ChromeDriver: chrome on windows (09cab9aac562db8d81e89a3c4e279be9)] -> xpath: //div[@class='govuk-radios']//div//label], [[ChromeDriver: chrome on windows (09cab9aac562db8d81e89a3c4e279be9)] -> xpath: //div[@class='govuk-radios']//div//label], [[ChromeDriver: chrome on windows (09cab9aac562db8d81e89a3c4e279be9)] -> xpath: //div[@class='govuk-radios']//div//label], [[ChromeDriver: chrome on windows (09cab9aac562db8d81e89a3c4e279be9)] -> xpath: //div[@class='govuk-radios']//div//label]]
2023-12-19 23:12:155 INFO  SelectNationalityPage :34 - Click on continue: [[ChromeDriver: chrome on windows (09cab9aac562db8d81e89a3c4e279be9)] -> xpath: //button[normalize-space()='Continue']]
2023-12-19 23:12:567 INFO  ResultPage :29 - Verify result text displayed: [[ChromeDriver: chrome on windows (09cab9aac562db8d81e89a3c4e279be9)] -> xpath: //h2[@class='gem-c-heading gem-c-heading--font-size-27   govuk-!-margin-bottom-6']]
2023-12-19 23:12:568 INFO  ResultPage :24 - Get result text displayed: [[ChromeDriver: chrome on windows (09cab9aac562db8d81e89a3c4e279be9)] -> xpath: //h2[@class='gem-c-heading gem-c-heading--font-size-27   govuk-!-margin-bottom-6']]
2023-12-19 23:12:816 INFO  StartPage :24 - Click on start now: [[ChromeDriver: chrome on windows (6d9ac8f6bb4d201ad3f9de302b201822)] -> xpath: //a[normalize-space()='Start now']]
2023-12-19 23:12:97 INFO  SelectNationalityPage :28 - Select country: [[ChromeDriver: chrome on windows (6d9ac8f6bb4d201ad3f9de302b201822)] -> id: response]
2023-12-19 23:12:210 INFO  SelectNationalityPage :34 - Click on continue: [[ChromeDriver: chrome on windows (6d9ac8f6bb4d201ad3f9de302b201822)] -> xpath: //button[normalize-space()='Continue']]
2023-12-19 23:12:604 INFO  ReasonForTravelPage :29 - Select a reason for visit: [[[ChromeDriver: chrome on windows (6d9ac8f6bb4d201ad3f9de302b201822)] -> xpath: //div[@class='govuk-radios']//div//label], [[ChromeDriver: chrome on windows (6d9ac8f6bb4d201ad3f9de302b201822)] -> xpath: //div[@class='govuk-radios']//div//label], [[ChromeDriver: chrome on windows (6d9ac8f6bb4d201ad3f9de302b201822)] -> xpath: //div[@class='govuk-radios']//div//label], [[ChromeDriver: chrome on windows (6d9ac8f6bb4d201ad3f9de302b201822)] -> xpath: //div[@class='govuk-radios']//div//label], [[ChromeDriver: chrome on windows (6d9ac8f6bb4d201ad3f9de302b201822)] -> xpath: //div[@class='govuk-radios']//div//label], [[ChromeDriver: chrome on windows (6d9ac8f6bb4d201ad3f9de302b201822)] -> xpath: //div[@class='govuk-radios']//div//label], [[ChromeDriver: chrome on windows (6d9ac8f6bb4d201ad3f9de302b201822)] -> xpath: //div[@class='govuk-radios']//div//label], [[ChromeDriver: chrome on windows (6d9ac8f6bb4d201ad3f9de302b201822)] -> xpath: //div[@class='govuk-radios']//div//label], [[ChromeDriver: chrome on windows (6d9ac8f6bb4d201ad3f9de302b201822)] -> xpath: //div[@class='govuk-radios']//div//label]]
2023-12-19 23:12:710 INFO  SelectNationalityPage :34 - Click on continue: [[ChromeDriver: chrome on windows (6d9ac8f6bb4d201ad3f9de302b201822)] -> xpath: //button[normalize-space()='Continue']]
2023-12-19 23:12:66 INFO  DurationOfStayPage :27 - Select Stay Time Length: [[[ChromeDriver: chrome on windows (6d9ac8f6bb4d201ad3f9de302b201822)] -> xpath: //div[@class='govuk-radios']//label], [[ChromeDriver: chrome on windows (6d9ac8f6bb4d201ad3f9de302b201822)] -> xpath: //div[@class='govuk-radios']//label]]
2023-12-19 23:12:125 INFO  SelectNationalityPage :34 - Click on continue: [[ChromeDriver: chrome on windows (6d9ac8f6bb4d201ad3f9de302b201822)] -> xpath: //button[normalize-space()='Continue']]
2023-12-19 23:12:566 INFO  WorkTypePage :30 - Select job type: [[[ChromeDriver: chrome on windows (6d9ac8f6bb4d201ad3f9de302b201822)] -> xpath: //div[@class='govuk-radios']//div//label], [[ChromeDriver: chrome on windows (6d9ac8f6bb4d201ad3f9de302b201822)] -> xpath: //div[@class='govuk-radios']//div//label], [[ChromeDriver: chrome on windows (6d9ac8f6bb4d201ad3f9de302b201822)] -> xpath: //div[@class='govuk-radios']//div//label], [[ChromeDriver: chrome on windows (6d9ac8f6bb4d201ad3f9de302b201822)] -> xpath: //div[@class='govuk-radios']//div//label], [[ChromeDriver: chrome on windows (6d9ac8f6bb4d201ad3f9de302b201822)] -> xpath: //div[@class='govuk-radios']//div//label], [[ChromeDriver: chrome on windows (6d9ac8f6bb4d201ad3f9de302b201822)] -> xpath: //div[@class='govuk-radios']//div//label], [[ChromeDriver: chrome on windows (6d9ac8f6bb4d201ad3f9de302b201822)] -> xpath: //div[@class='govuk-radios']//div//label], [[ChromeDriver: chrome on windows (6d9ac8f6bb4d201ad3f9de302b201822)] -> xpath: //div[@class='govuk-radios']//div//label]]
2023-12-19 23:12:650 INFO  SelectNationalityPage :34 - Click on continue: [[ChromeDriver: chrome on windows (6d9ac8f6bb4d201ad3f9de302b201822)] -> xpath: //button[normalize-space()='Continue']]
2023-12-19 23:12:07 INFO  ResultPage :29 - Verify result text displayed: [[ChromeDriver: chrome on windows (6d9ac8f6bb4d201ad3f9de302b201822)] -> xpath: //h2[@class='gem-c-heading gem-c-heading--font-size-27   govuk-!-margin-bottom-6']]
2023-12-19 23:12:07 INFO  ResultPage :24 - Get result text displayed: [[ChromeDriver: chrome on windows (6d9ac8f6bb4d201ad3f9de302b201822)] -> xpath: //h2[@class='gem-c-heading gem-c-heading--font-size-27   govuk-!-margin-bottom-6']]
2023-12-19 23:12:180 INFO  StartPage :24 - Click on start now: [[ChromeDriver: chrome on windows (c5dcd1be921bd185126c0ebaf594799c)] -> xpath: //a[normalize-space()='Start now']]
2023-12-19 23:12:477 INFO  SelectNationalityPage :28 - Select country: [[ChromeDriver: chrome on windows (c5dcd1be921bd185126c0ebaf594799c)] -> id: response]
2023-12-19 23:12:588 INFO  SelectNationalityPage :34 - Click on continue: [[ChromeDriver: chrome on windows (c5dcd1be921bd185126c0ebaf594799c)] -> xpath: //button[normalize-space()='Continue']]
2023-12-19 23:12:41 INFO  ReasonForTravelPage :29 - Select a reason for visit: [[[ChromeDriver: chrome on windows (c5dcd1be921bd185126c0ebaf594799c)] -> xpath: //div[@class='govuk-radios']//div//label], [[ChromeDriver: chrome on windows (c5dcd1be921bd185126c0ebaf594799c)] -> xpath: //div[@class='govuk-radios']//div//label], [[ChromeDriver: chrome on windows (c5dcd1be921bd185126c0ebaf594799c)] -> xpath: //div[@class='govuk-radios']//div//label], [[ChromeDriver: chrome on windows (c5dcd1be921bd185126c0ebaf594799c)] -> xpath: //div[@class='govuk-radios']//div//label], [[ChromeDriver: chrome on windows (c5dcd1be921bd185126c0ebaf594799c)] -> xpath: //div[@class='govuk-radios']//div//label], [[ChromeDriver: chrome on windows (c5dcd1be921bd185126c0ebaf594799c)] -> xpath: //div[@class='govuk-radios']//div//label], [[ChromeDriver: chrome on windows (c5dcd1be921bd185126c0ebaf594799c)] -> xpath: //div[@class='govuk-radios']//div//label], [[ChromeDriver: chrome on windows (c5dcd1be921bd185126c0ebaf594799c)] -> xpath: //div[@class='govuk-radios']//div//label], [[ChromeDriver: chrome on windows (c5dcd1be921bd185126c0ebaf594799c)] -> xpath: //div[@class='govuk-radios']//div//label]]
2023-12-19 23:12:178 INFO  SelectNationalityPage :34 - Click on continue: [[ChromeDriver: chrome on windows (c5dcd1be921bd185126c0ebaf594799c)] -> xpath: //button[normalize-space()='Continue']]
2023-12-19 23:12:546 INFO  ResultPage :29 - Verify result text displayed: [[ChromeDriver: chrome on windows (c5dcd1be921bd185126c0ebaf594799c)] -> xpath: //h2[@class='gem-c-heading gem-c-heading--font-size-27   govuk-!-margin-bottom-6']]
2023-12-19 23:12:546 INFO  ResultPage :24 - Get result text displayed: [[ChromeDriver: chrome on windows (c5dcd1be921bd185126c0ebaf594799c)] -> xpath: //h2[@class='gem-c-heading gem-c-heading--font-size-27   govuk-!-margin-bottom-6']]
2023-12-19 23:12:632 INFO  ReasonForTravelPage :29 - Select a reason for visit: []
